// Vitest Snapshot v1, https://vitest.dev/guide/snapshot.html

exports[`PBFMVSection > matches snapshot 1`] = `
<section
  class="container tr-section"
>
  <div
    class="tr-section-head"
  >
    <div
      class="col gap-12"
      style="max-width: 760px;"
    >
      <span
        class="mono"
        style="font-size: 11px; letter-spacing: 0.18em; text-transform: uppercase; color: var(--muted);"
      >
        <span
          style="color: var(--accent);"
        >
          § 
          02
        </span>
        <span
          style="margin-left: 12px; color: var(--muted);"
        >
          Fair market value
        </span>
      </span>
      <h2
        class="serif"
        style="text-wrap: balance;"
      >
        Is it priced 
        <em>
          fairly
        </em>
        ?
      </h2>
    </div>
    <span
      class="verdict-pill pass"
    >
      At market
    </span>
  </div>
  <div
    class="card"
    style="padding: 28px;"
  >
    <div
      class="row"
      style="justify-content: space-between; align-items: flex-end; margin-bottom: 18px; flex-wrap: wrap; gap: 12px;"
    >
      <div
        class="col"
        style="gap: 4px;"
      >
        <span
          class="mono"
          style="font-size: 10px; letter-spacing: 0.16em; text-transform: uppercase; color: var(--muted);"
        >
          Asking
        </span>
        <div
          class="row"
          style="align-items: baseline; gap: 6px;"
        >
          <span
            class="serif tabular"
            style="font-size: 32px; line-height: 1;"
          >
            $875,000
          </span>
          <span
            class="mono"
            style="font-size: 12px; color: var(--pass);"
          >
            −
            0.6
            % vs P50
          </span>
        </div>
      </div>
      <span
        class="verdict-pill pass"
      >
        At market
      </span>
    </div>
    <div
      style="position: relative; height: 32px; margin-top: 10px; margin-bottom: 18px;"
    >
      <div
        style="position: absolute; top: 50%; transform: translateY(-50%); left: 0px; right: 0px; height: 6px; border-radius: 999px; background: linear-gradient(90deg, color-mix(in oklab, var(--accent) 18%, var(--bg-elev)), color-mix(in oklab, var(--accent) 55%, transparent), color-mix(in oklab, var(--accent) 18%, var(--bg-elev)));"
      />
      <div
        style="position: absolute; left: 0%; top: 50%; transform: translate(-50%, -50%); width: 1.5px; height: 14px; background: var(--ink); opacity: 0.18;"
      />
      <div
        style="position: absolute; left: 50%; top: 50%; transform: translate(-50%, -50%); width: 1.5px; height: 14px; background: var(--ink); opacity: 0.4;"
      />
      <div
        style="position: absolute; left: 100%; top: 50%; transform: translate(-50%, -50%); width: 1.5px; height: 14px; background: var(--ink); opacity: 0.18;"
      />
      <div
        style="position: absolute; left: 37.5%; top: 50%; transform: translate(-50%, -50%);"
      >
        <div
          style="width: 18px; height: 18px; background: var(--ink); border-radius: 4px; transform: rotate(45deg); border: 3px solid var(--surface); box-shadow: 0 4px 10px rgba(14,19,32,0.2);"
        />
      </div>
    </div>
    <div
      class="row"
      style="justify-content: space-between; margin-bottom: 18px;"
    >
      <div
        class="col"
        style="align-items: flex-start; gap: 2px;"
      >
        <div
          class="mono"
          style="font-size: 10px; letter-spacing: 0.1em; color: var(--muted);"
        >
          P25 · low
        </div>
        <div
          class="mono tabular"
          style="font-size: 14px; font-weight: 500; color: var(--ink);"
        >
          $845,000
        </div>
      </div>
      <div
        class="col"
        style="align-items: center; gap: 2px;"
      >
        <div
          class="mono"
          style="font-size: 10px; letter-spacing: 0.1em; color: var(--muted);"
        >
          P50 · median
        </div>
        <div
          class="mono tabular"
          style="font-size: 14px; font-weight: 500; color: var(--ink);"
        >
          $880,000
        </div>
      </div>
      <div
        class="col"
        style="align-items: flex-end; gap: 2px;"
      >
        <div
          class="mono"
          style="font-size: 10px; letter-spacing: 0.1em; color: var(--muted);"
        >
          P75 · high
        </div>
        <div
          class="mono tabular"
          style="font-size: 14px; font-weight: 500; color: var(--ink);"
        >
          $925,000
        </div>
      </div>
    </div>
    <div
      class="divider"
      style="margin-bottom: 16px;"
    />
    <div
      class="row"
      style="justify-content: space-between; flex-wrap: wrap; gap: 12px; font-size: 13px; color: var(--muted);"
    >
      <span
        class="row gap-8"
      >
        <span>
          Comparable sales considered
        </span>
        <span
          class="tabular"
          style="color: var(--ink); font-weight: 500;"
        >
          8
           verified
        </span>
      </span>
      <span
        class="row gap-8"
      >
        <span>
          Average days on market
        </span>
        <span
          class="tabular"
          style="color: var(--ink); font-weight: 500;"
        >
          12
           days
        </span>
      </span>
      <span
        class="row gap-8"
      >
        <span>
          Median $/sqft
        </span>
        <span
          class="tabular"
          style="color: var(--ink); font-weight: 500;"
        >
          $
          543
        </span>
      </span>
      <span
        class="row gap-8"
      >
        <span>
          This listing $/sqft
        </span>
        <span
          class="tabular"
          style="color: var(--ink); font-weight: 500;"
        >
          $
          543
        </span>
      </span>
    </div>
  </div>
</section>
`;
